// Jest Snapshot v1, https://goo.gl/fbAQLP

exports[`HeaderComponent Should render HeaderComponent correctly 1`] = `
<div>
  <div
    className="container"
  >
    <div
      className="row"
    >
      <div
        className="col text-center"
      >
        Todo
      </div>
    </div>
    <div
      className="row"
    >
      <NavComponent />
    </div>
  </div>
</div>
`;
