// Jest Snapshot v1, https://goo.gl/fbAQLP

exports[`NotFoundPage Should render NotFoundPage correctly 1`] = `
<div>
  404!
</div>
`;
